10:34:10 **** Auto Build of configuration Debug for project a ****
make pre-build main-build 
a9-linaro-pre-build-step
' '
'Building file: ../src/audio_demo/adau1761.c'
'Invoking: ARM v7 gcc compiler'
arm-none-eabi-gcc -Wall -O0 -g3 -c -fmessage-length=0 -MT"src/audio_demo/adau1761.o" -mcpu=cortex-a9 -mfpu=vfpv3 -mfloat-abi=hard -I../../a_bsp/ps7_cortexa9_0/include -MMD -MP -MF"src/audio_demo/adau1761.d" -MT"src/audio_demo/adau1761.o" -o "src/audio_demo/adau1761.o" "../src/audio_demo/adau1761.c"
In file included from ../../a_bsp/ps7_cortexa9_0/include/xiicps.h:205:0,
                 from ../src/audio_demo/../audio_demo/adau1761.h:5,
                 from ../src/audio_demo/adau1761.c:3:
../src/audio_demo/adau1761.c: In function 'AudioPllConfig':
../../a_bsp/ps7_cortexa9_0/include/xstatus.h:65:41: warning: 'return' with a value, in function returning void
 #define XST_FAILURE                     1L
                                         ^
../src/audio_demo/adau1761.c:44:10: note: in expansion of macro 'XST_FAILURE'
   return XST_FAILURE;
          ^~~~~~~~~~~
../src/audio_demo/adau1761.c:17:6: note: declared here
 void AudioPllConfig() {
      ^~~~~~~~~~~~~~
../src/audio_demo/adau1761.c: In function 'filter_or_bypass_input':
../src/audio_demo/adau1761.c:215:19: warning: unused variable 'Sample_R' [-Wunused-variable]
  Xint16 Sample_L, Sample_R;
                   ^~~~~~~~
../src/audio_demo/adau1761.c:215:9: warning: unused variable 'Sample_L' [-Wunused-variable]
  Xint16 Sample_L, Sample_R;
         ^~~~~~~~
'Finished building: ../src/audio_demo/adau1761.c'
' '
'Building file: ../src/audio_demo/audio_demo.c'
'Invoking: ARM v7 gcc compiler'
arm-none-eabi-gcc -Wall -O0 -g3 -c -fmessage-length=0 -MT"src/audio_demo/audio_demo.o" -mcpu=cortex-a9 -mfpu=vfpv3 -mfloat-abi=hard -I../../a_bsp/ps7_cortexa9_0/include -MMD -MP -MF"src/audio_demo/audio_demo.d" -MT"src/audio_demo/audio_demo.o" -o "src/audio_demo/audio_demo.o" "../src/audio_demo/audio_demo.c"
../src/audio_demo/audio_demo.c: In function 'audio_demo_1':
../src/audio_demo/audio_demo.c:59:4: warning: implicit declaration of function 'filter_or_bypass_input' [-Wimplicit-function-declaration]
    filter_or_bypass_input(InstancePtr);
    ^~~~~~~~~~~~~~~~~~~~~~
../src/audio_demo/audio_demo.c:33:9: warning: unused variable 'audio_data' [-Wunused-variable]
  Xint16 audio_data;
         ^~~~~~~~~~
../src/audio_demo/audio_demo.c:31:6: warning: unused variable 'sw_check' [-Wunused-variable]
  int sw_check;
      ^~~~~~~~
../src/audio_demo/audio_demo.c: In function 'audio_demo_2':
../src/audio_demo/audio_demo.c:86:9: warning: unused variable 'audio_data' [-Wunused-variable]
  Xint16 audio_data;
         ^~~~~~~~~~
../src/audio_demo/audio_demo.c:84:6: warning: unused variable 'sw_check' [-Wunused-variable]
  int sw_check;
      ^~~~~~~~
'Finished building: ../src/audio_demo/audio_demo.c'
' '
'Building file: ../src/audio_demo/iic.c'
'Invoking: ARM v7 gcc compiler'
arm-none-eabi-gcc -Wall -O0 -g3 -c -fmessage-length=0 -MT"src/audio_demo/iic.o" -mcpu=cortex-a9 -mfpu=vfpv3 -mfloat-abi=hard -I../../a_bsp/ps7_cortexa9_0/include -MMD -MP -MF"src/audio_demo/iic.d" -MT"src/audio_demo/iic.o" -o "src/audio_demo/iic.o" "../src/audio_demo/iic.c"
'Finished building: ../src/audio_demo/iic.c'
' '
'Building file: ../src/helloworld.c'
'Invoking: ARM v7 gcc compiler'
arm-none-eabi-gcc -Wall -O0 -g3 -c -fmessage-length=0 -MT"src/helloworld.o" -mcpu=cortex-a9 -mfpu=vfpv3 -mfloat-abi=hard -I../../a_bsp/ps7_cortexa9_0/include -MMD -MP -MF"src/helloworld.d" -MT"src/helloworld.o" -o "src/helloworld.o" "../src/helloworld.c"
../src/helloworld.c: In function 'main':
../src/helloworld.c:56:5: warning: implicit declaration of function 'audio_demo_1' [-Wimplicit-function-declaration]
     audio_demo_1();
     ^~~~~~~~~~~~
'Finished building: ../src/helloworld.c'
' '
'Building file: ../src/platform.c'
'Invoking: ARM v7 gcc compiler'
arm-none-eabi-gcc -Wall -O0 -g3 -c -fmessage-length=0 -MT"src/platform.o" -mcpu=cortex-a9 -mfpu=vfpv3 -mfloat-abi=hard -I../../a_bsp/ps7_cortexa9_0/include -MMD -MP -MF"src/platform.d" -MT"src/platform.o" -o "src/platform.o" "../src/platform.c"
'Finished building: ../src/platform.c'
' '
'Building target: a.elf'
'Invoking: ARM v7 gcc linker'
arm-none-eabi-gcc -mcpu=cortex-a9 -mfpu=vfpv3 -mfloat-abi=hard -Wl,-build-id=none -specs=Xilinx.spec -Wl,-T -Wl,../src/lscript.ld -L../../a_bsp/ps7_cortexa9_0/lib -o "a.elf"  ./src/audio_demo/adau1761.o ./src/audio_demo/audio_demo.o ./src/audio_demo/iic.o  ./src/helloworld.o ./src/platform.o   -Wl,--start-group,-lxil,-lgcc,-lc,--end-group
'Finished building target: a.elf'
' '
'Invoking: ARM v7 Print Size'
arm-none-eabi-size a.elf  |tee "a.elf.size"
   text	   data	    bss	    dec	    hex	filename
  30032	   1164	  22648	  53844	   d254	a.elf
'Finished building: a.elf.size'
' '

10:34:13 Build Finished (took 3s.170ms)

