17:43:08 **** Auto Build of configuration Debug for project 4 ****
make pre-build main-build 
a9-linaro-pre-build-step
' '
'Building file: ../src/lwip_demo/echo.c'
'Invoking: ARM v7 gcc compiler'
arm-none-eabi-gcc -Wall -O0 -g3 -c -fmessage-length=0 -MT"src/lwip_demo/echo.o" -mcpu=cortex-a9 -mfpu=vfpv3 -mfloat-abi=hard -I../../4_bsp/ps7_cortexa9_0/include -MMD -MP -MF"src/lwip_demo/echo.d" -MT"src/lwip_demo/echo.o" -o "src/lwip_demo/echo.o" "../src/lwip_demo/echo.c"
'Finished building: ../src/lwip_demo/echo.c'
' '
'Building file: ../src/lwip_demo/i2c_access.c'
'Invoking: ARM v7 gcc compiler'
arm-none-eabi-gcc -Wall -O0 -g3 -c -fmessage-length=0 -MT"src/lwip_demo/i2c_access.o" -mcpu=cortex-a9 -mfpu=vfpv3 -mfloat-abi=hard -I../../4_bsp/ps7_cortexa9_0/include -MMD -MP -MF"src/lwip_demo/i2c_access.d" -MT"src/lwip_demo/i2c_access.o" -o "src/lwip_demo/i2c_access.o" "../src/lwip_demo/i2c_access.c"
'Finished building: ../src/lwip_demo/i2c_access.c'
' '
'Building file: ../src/lwip_demo/iic_phyreset.c'
'Invoking: ARM v7 gcc compiler'
arm-none-eabi-gcc -Wall -O0 -g3 -c -fmessage-length=0 -MT"src/lwip_demo/iic_phyreset.o" -mcpu=cortex-a9 -mfpu=vfpv3 -mfloat-abi=hard -I../../4_bsp/ps7_cortexa9_0/include -MMD -MP -MF"src/lwip_demo/iic_phyreset.d" -MT"src/lwip_demo/iic_phyreset.o" -o "src/lwip_demo/iic_phyreset.o" "../src/lwip_demo/iic_phyreset.c"
'Finished building: ../src/lwip_demo/iic_phyreset.c'
' '
'Building file: ../src/lwip_demo/lwip_demo.c'
'Invoking: ARM v7 gcc compiler'
arm-none-eabi-gcc -Wall -O0 -g3 -c -fmessage-length=0 -MT"src/lwip_demo/lwip_demo.o" -mcpu=cortex-a9 -mfpu=vfpv3 -mfloat-abi=hard -I../../4_bsp/ps7_cortexa9_0/include -MMD -MP -MF"src/lwip_demo/lwip_demo.d" -MT"src/lwip_demo/lwip_demo.o" -o "src/lwip_demo/lwip_demo.o" "../src/lwip_demo/lwip_demo.c"
'Finished building: ../src/lwip_demo/lwip_demo.c'
' '
'Building file: ../src/lwip_demo/platform.c'
'Invoking: ARM v7 gcc compiler'
arm-none-eabi-gcc -Wall -O0 -g3 -c -fmessage-length=0 -MT"src/lwip_demo/platform.o" -mcpu=cortex-a9 -mfpu=vfpv3 -mfloat-abi=hard -I../../4_bsp/ps7_cortexa9_0/include -MMD -MP -MF"src/lwip_demo/platform.d" -MT"src/lwip_demo/platform.o" -o "src/lwip_demo/platform.o" "../src/lwip_demo/platform.c"
'Finished building: ../src/lwip_demo/platform.c'
' '
'Building file: ../src/lwip_demo/platform_mb.c'
'Invoking: ARM v7 gcc compiler'
arm-none-eabi-gcc -Wall -O0 -g3 -c -fmessage-length=0 -MT"src/lwip_demo/platform_mb.o" -mcpu=cortex-a9 -mfpu=vfpv3 -mfloat-abi=hard -I../../4_bsp/ps7_cortexa9_0/include -MMD -MP -MF"src/lwip_demo/platform_mb.d" -MT"src/lwip_demo/platform_mb.o" -o "src/lwip_demo/platform_mb.o" "../src/lwip_demo/platform_mb.c"
'Finished building: ../src/lwip_demo/platform_mb.c'
' '
'Building file: ../src/lwip_demo/platform_ppc.c'
'Invoking: ARM v7 gcc compiler'
arm-none-eabi-gcc -Wall -O0 -g3 -c -fmessage-length=0 -MT"src/lwip_demo/platform_ppc.o" -mcpu=cortex-a9 -mfpu=vfpv3 -mfloat-abi=hard -I../../4_bsp/ps7_cortexa9_0/include -MMD -MP -MF"src/lwip_demo/platform_ppc.d" -MT"src/lwip_demo/platform_ppc.o" -o "src/lwip_demo/platform_ppc.o" "../src/lwip_demo/platform_ppc.c"
'Finished building: ../src/lwip_demo/platform_ppc.c'
' '
'Building file: ../src/lwip_demo/platform_zynq.c'
'Invoking: ARM v7 gcc compiler'
arm-none-eabi-gcc -Wall -O0 -g3 -c -fmessage-length=0 -MT"src/lwip_demo/platform_zynq.o" -mcpu=cortex-a9 -mfpu=vfpv3 -mfloat-abi=hard -I../../4_bsp/ps7_cortexa9_0/include -MMD -MP -MF"src/lwip_demo/platform_zynq.d" -MT"src/lwip_demo/platform_zynq.o" -o "src/lwip_demo/platform_zynq.o" "../src/lwip_demo/platform_zynq.c"
'Finished building: ../src/lwip_demo/platform_zynq.c'
' '
'Building file: ../src/lwip_demo/platform_zynqmp.c'
'Invoking: ARM v7 gcc compiler'
arm-none-eabi-gcc -Wall -O0 -g3 -c -fmessage-length=0 -MT"src/lwip_demo/platform_zynqmp.o" -mcpu=cortex-a9 -mfpu=vfpv3 -mfloat-abi=hard -I../../4_bsp/ps7_cortexa9_0/include -MMD -MP -MF"src/lwip_demo/platform_zynqmp.d" -MT"src/lwip_demo/platform_zynqmp.o" -o "src/lwip_demo/platform_zynqmp.o" "../src/lwip_demo/platform_zynqmp.c"
'Finished building: ../src/lwip_demo/platform_zynqmp.c'
' '
'Building file: ../src/lwip_demo/sfp.c'
'Invoking: ARM v7 gcc compiler'
arm-none-eabi-gcc -Wall -O0 -g3 -c -fmessage-length=0 -MT"src/lwip_demo/sfp.o" -mcpu=cortex-a9 -mfpu=vfpv3 -mfloat-abi=hard -I../../4_bsp/ps7_cortexa9_0/include -MMD -MP -MF"src/lwip_demo/sfp.d" -MT"src/lwip_demo/sfp.o" -o "src/lwip_demo/sfp.o" "../src/lwip_demo/sfp.c"
'Finished building: ../src/lwip_demo/sfp.c'
' '
'Building file: ../src/lwip_demo/si5324.c'
'Invoking: ARM v7 gcc compiler'
arm-none-eabi-gcc -Wall -O0 -g3 -c -fmessage-length=0 -MT"src/lwip_demo/si5324.o" -mcpu=cortex-a9 -mfpu=vfpv3 -mfloat-abi=hard -I../../4_bsp/ps7_cortexa9_0/include -MMD -MP -MF"src/lwip_demo/si5324.d" -MT"src/lwip_demo/si5324.o" -o "src/lwip_demo/si5324.o" "../src/lwip_demo/si5324.c"
'Finished building: ../src/lwip_demo/si5324.c'
' '
'Building file: ../src/helloworld.c'
'Invoking: ARM v7 gcc compiler'
arm-none-eabi-gcc -Wall -O0 -g3 -c -fmessage-length=0 -MT"src/helloworld.o" -mcpu=cortex-a9 -mfpu=vfpv3 -mfloat-abi=hard -I../../4_bsp/ps7_cortexa9_0/include -MMD -MP -MF"src/helloworld.d" -MT"src/helloworld.o" -o "src/helloworld.o" "../src/helloworld.c"
'Finished building: ../src/helloworld.c'
' '
'Building file: ../src/platform.c'
'Invoking: ARM v7 gcc compiler'
arm-none-eabi-gcc -Wall -O0 -g3 -c -fmessage-length=0 -MT"src/platform.o" -mcpu=cortex-a9 -mfpu=vfpv3 -mfloat-abi=hard -I../../4_bsp/ps7_cortexa9_0/include -MMD -MP -MF"src/platform.d" -MT"src/platform.o" -o "src/platform.o" "../src/platform.c"
'Finished building: ../src/platform.c'
' '
'Building target: 4.elf'
'Invoking: ARM v7 gcc linker'
arm-none-eabi-gcc -mcpu=cortex-a9 -mfpu=vfpv3 -mfloat-abi=hard -Wl,-build-id=none -specs=Xilinx.spec -Wl,-T -Wl,../src/lscript.ld -L../../4_bsp/ps7_cortexa9_0/lib -o "4.elf"  ./src/lwip_demo/echo.o ./src/lwip_demo/i2c_access.o ./src/lwip_demo/iic_phyreset.o ./src/lwip_demo/lwip_demo.o ./src/lwip_demo/platform.o ./src/lwip_demo/platform_mb.o ./src/lwip_demo/platform_ppc.o ./src/lwip_demo/platform_zynq.o ./src/lwip_demo/platform_zynqmp.o ./src/lwip_demo/sfp.o ./src/lwip_demo/si5324.o  ./src/helloworld.o ./src/platform.o   -Wl,--start-group,-lxil,-lgcc,-lc,--end-group -Wl,--start-group,-lxil,-llwip4,-lgcc,-lc,--end-group -Wl,--start-group,-lxilffs,-lxil,-lgcc,-lc,--end-group
'Finished building target: 4.elf'
' '
'Invoking: ARM v7 Print Size'
arm-none-eabi-size 4.elf  |tee "4.elf.size"
   text	   data	    bss	    dec	    hex	filename
  96800	   3836	2152752	2253388	 22624c	4.elf
'Finished building: 4.elf.size'
' '

17:43:12 Build Finished (took 4s.64ms)

